../Core/Src/main.c:414:6:HAL_GPIO_EXTI_Callback	16	static
../Core/Src/main.c:423:6:Debug_Print	16	static
../Core/Src/main.c:430:6:Debug_Printf	272	static
../Core/Src/main.c:442:10:filterVoltage	24	static
../Core/Src/main.c:465:10:readDO	24	static
../Core/Src/main.c:500:6:ReadDOSensor	16	static
../Core/Src/main.c:521:6:UpdateTemperatureControlWithHysteresis	40	static
../Core/Src/main.c:565:6:UpdateFlowControlWithHysteresis	40	static
../Core/Src/main.c:603:6:UpdateDOControlWithHysteresis	40	static
../Core/Src/main.c:641:6:UpdateHeaterControl	8	static
../Core/Src/main.c:661:6:UpdatePumpControl	8	static
../Core/Src/main.c:681:6:UpdateVacuumPumpControl	8	static
../Core/Src/main.c:702:6:SyncTargetValuesToControl	4	static
../Core/Src/main.c:710:6:SyncControlTargetsToChart	4	static
../Core/Src/main.c:719:13:EVE_CS_LOW	8	static
../Core/Src/main.c:723:13:EVE_CS_HIGH	8	static
../Core/Src/main.c:727:13:EVE_PD_LOW	8	static
../Core/Src/main.c:731:13:EVE_PD_HIGH	8	static
../Core/Src/main.c:736:6:FT812_SendHostCommand	24	static
../Core/Src/main.c:743:9:FT812_ReadByte	24	static
../Core/Src/main.c:760:6:FT812_WriteByte	24	static
../Core/Src/main.c:773:6:FT812_WriteReg16	16	static
../Core/Src/main.c:778:6:FT812_WriteReg32	16	static
../Core/Src/main.c:785:10:FT812_ReadReg32	24	static
../Core/Src/main.c:793:10:FT812_ReadReg16	24	static
../Core/Src/main.c:800:5:GetFontIndex	24	static
../Core/Src/main.c:809:6:LoadFontWidthTable	40	static
../Core/Src/main.c:823:6:LoadAllRequiredFonts	16	static
../Core/Src/main.c:830:6:TouchInitialize_WithYourCalibrationData	16	static
../Core/Src/main.c:851:6:FT812_Initialize	8	static
../Core/Src/main.c:901:6:DrawString_Proportional	56	static
../Core/Src/main.c:930:6:DrawArrow	40	static
../Core/Src/main.c:967:6:DrawDashedLine	40	static
../Core/Src/main.c:986:6:IntToString	56	static
../Core/Src/main.c:1013:6:ChartToScreen_Int_Safe	48	static
../Core/Src/main.c:1043:6:InitDefaultSettings	4	static
../Core/Src/main.c:1064:6:InitRealTimeBuffers	16	static
../Core/Src/main.c:1080:6:UpdateRealTimeData	56	static
../Core/Src/main.c:1153:6:GetRealTimeDisplayData	72	static
../Core/Src/main.c:1194:6:ResetChartData	24	static
../Core/Src/main.c:1207:6:OnSettingsChanged	16	static
../Core/Src/main.c:1214:6:DrawDetailedChart_Int	208	static
../Core/Src/main.c:1348:6:DrawMainUI_Int	440	static
../Core/Src/main.c:1414:6:DrawZoomChart_Int	712	static
../Core/Src/main.c:1487:6:DrawKeypad	40	static
../Core/Src/main.c:1520:6:DrawParameterSettings	56	static
../Core/Src/main.c:1562:6:DrawSettingsUI	96	static
../Core/Src/main.c:1598:23:in_rect	24	static
../Core/Src/main.c:1602:6:ProcessTouchAndUI	56	static
../Core/Src/main.c:1621:6:ProcessSettingsTouch	72	static
../Core/Src/main.c:1663:6:ProcessNumberInput	16	static
../Core/Src/main.c:1670:6:ProcessBackspace	4	static
../Core/Src/main.c:1676:6:ProcessConfirm	32	static
../Core/Src/main.c:1717:5:main	56	static
../Core/Src/main.c:1899:6:SystemClock_Config	88	static
../Core/Src/main.c:1942:6:HAL_TIM_PeriodElapsedCallback	16	static
../Core/Src/main.c:1954:6:Error_Handler	4	static,ignoring_inline_asm
